># comment
#^ source.zc-buildout-jinja comment.line.number-sign.zc-buildout punctuation.definition.comment.zc-buildout
# ^^^^^^^^ source.zc-buildout-jinja comment.line.number-sign.zc-buildout
>[section]
#^ source.zc-buildout-jinja entity.name.type.section-name.zc-buildout punctuation.definition.entity.zc-buildout
# ^^^^^^^ source.zc-buildout-jinja entity.name.type.section-name.zc-buildout entity.name.type.section-name.zc-buildout
#        ^ source.zc-buildout-jinja entity.name.type.section-name.zc-buildout punctuation.definition.entity.zc-buildout
>option = value
#^^^^^^ source.zc-buildout-jinja keyword.other.definition.zc-buildout
#      ^ source.zc-buildout-jinja
#       ^ source.zc-buildout-jinja punctuation.separator.key-value.zc-buildout
#        ^^^^^^^ source.zc-buildout-jinja
># comment
#^ source.zc-buildout-jinja comment.line.number-sign.zc-buildout punctuation.definition.comment.zc-buildout
# ^^^^^^^^ source.zc-buildout-jinja comment.line.number-sign.zc-buildout
>
>[substitutions]
#^ source.zc-buildout-jinja entity.name.type.section-name.zc-buildout punctuation.definition.entity.zc-buildout
# ^^^^^^^^^^^^^ source.zc-buildout-jinja entity.name.type.section-name.zc-buildout entity.name.type.section-name.zc-buildout
#              ^ source.zc-buildout-jinja entity.name.type.section-name.zc-buildout punctuation.definition.entity.zc-buildout
>option = va_ue # not-comment
#^^^^^^ source.zc-buildout-jinja keyword.other.definition.zc-buildout
#      ^ source.zc-buildout-jinja
#       ^ source.zc-buildout-jinja punctuation.separator.key-value.zc-buildout
#        ^^^^^^^^^^^^^^^^^^^^^ source.zc-buildout-jinja
>option = ${section:option}
#^^^^^^ source.zc-buildout-jinja keyword.other.definition.zc-buildout
#      ^ source.zc-buildout-jinja
#       ^ source.zc-buildout-jinja punctuation.separator.key-value.zc-buildout
#        ^^^ source.zc-buildout-jinja variable.other.single.zc-buildout punctuation.definition.string.begin.zc-buildout
#           ^^^^^^^^^^^^^^ source.zc-buildout-jinja variable.other.single.zc-buildout
#                         ^ source.zc-buildout-jinja variable.other.single.zc-buildout punctuation.definition.string.end.zc-buildout
>option = text ${section:option}
#^^^^^^ source.zc-buildout-jinja keyword.other.definition.zc-buildout
#      ^ source.zc-buildout-jinja
#       ^ source.zc-buildout-jinja punctuation.separator.key-value.zc-buildout
#        ^^^^^ source.zc-buildout-jinja
#             ^^^ source.zc-buildout-jinja variable.other.single.zc-buildout punctuation.definition.string.begin.zc-buildout
#                ^^^^^^^^^^^^^^ source.zc-buildout-jinja variable.other.single.zc-buildout
#                              ^ source.zc-buildout-jinja variable.other.single.zc-buildout punctuation.definition.string.end.zc-buildout
>option = ${section:option} text
#^^^^^^ source.zc-buildout-jinja keyword.other.definition.zc-buildout
#      ^ source.zc-buildout-jinja
#       ^ source.zc-buildout-jinja punctuation.separator.key-value.zc-buildout
#        ^^^ source.zc-buildout-jinja variable.other.single.zc-buildout punctuation.definition.string.begin.zc-buildout
#           ^^^^^^^^^^^^^^ source.zc-buildout-jinja variable.other.single.zc-buildout
#                         ^ source.zc-buildout-jinja variable.other.single.zc-buildout punctuation.definition.string.end.zc-buildout
#                          ^^^^^^ source.zc-buildout-jinja
>option = text ${section:option} ${section:option}
#^^^^^^ source.zc-buildout-jinja keyword.other.definition.zc-buildout
#      ^ source.zc-buildout-jinja
#       ^ source.zc-buildout-jinja punctuation.separator.key-value.zc-buildout
#        ^^^^^ source.zc-buildout-jinja
#             ^^^ source.zc-buildout-jinja variable.other.single.zc-buildout punctuation.definition.string.begin.zc-buildout
#                ^^^^^^^^^^^^^^ source.zc-buildout-jinja variable.other.single.zc-buildout
#                              ^ source.zc-buildout-jinja variable.other.single.zc-buildout punctuation.definition.string.end.zc-buildout
#                               ^^^ source.zc-buildout-jinja variable.other.single.zc-buildout punctuation.definition.string.begin.zc-buildout
#                                  ^^^^^^^^^^^^^^ source.zc-buildout-jinja variable.other.single.zc-buildout
#                                                ^ source.zc-buildout-jinja variable.other.single.zc-buildout punctuation.definition.string.end.zc-buildout
>option = ${section:option} text ${section:option}
#^^^^^^ source.zc-buildout-jinja keyword.other.definition.zc-buildout
#      ^ source.zc-buildout-jinja
#       ^ source.zc-buildout-jinja punctuation.separator.key-value.zc-buildout
#        ^^^ source.zc-buildout-jinja variable.other.single.zc-buildout punctuation.definition.string.begin.zc-buildout
#           ^^^^^^^^^^^^^^ source.zc-buildout-jinja variable.other.single.zc-buildout
#                         ^ source.zc-buildout-jinja variable.other.single.zc-buildout punctuation.definition.string.end.zc-buildout
#                          ^^^^^ source.zc-buildout-jinja
#                               ^^^ source.zc-buildout-jinja variable.other.single.zc-buildout punctuation.definition.string.begin.zc-buildout
#                                  ^^^^^^^^^^^^^^ source.zc-buildout-jinja variable.other.single.zc-buildout
#                                                ^ source.zc-buildout-jinja variable.other.single.zc-buildout punctuation.definition.string.end.zc-buildout
>option = ${section:option} ${section:option} text
#^^^^^^ source.zc-buildout-jinja keyword.other.definition.zc-buildout
#      ^ source.zc-buildout-jinja
#       ^ source.zc-buildout-jinja punctuation.separator.key-value.zc-buildout
#        ^^^ source.zc-buildout-jinja variable.other.single.zc-buildout punctuation.definition.string.begin.zc-buildout
#           ^^^^^^^^^^^^^^ source.zc-buildout-jinja variable.other.single.zc-buildout
#                         ^ source.zc-buildout-jinja variable.other.single.zc-buildout punctuation.definition.string.end.zc-buildout
#                          ^^^ source.zc-buildout-jinja variable.other.single.zc-buildout punctuation.definition.string.begin.zc-buildout
#                             ^^^^^^^^^^^^^^ source.zc-buildout-jinja variable.other.single.zc-buildout
#                                           ^ source.zc-buildout-jinja variable.other.single.zc-buildout punctuation.definition.string.end.zc-buildout
#                                            ^^^^^^ source.zc-buildout-jinja
>option = text ${section:option} text ${section:option}
#^^^^^^ source.zc-buildout-jinja keyword.other.definition.zc-buildout
#      ^ source.zc-buildout-jinja
#       ^ source.zc-buildout-jinja punctuation.separator.key-value.zc-buildout
#        ^^^^^ source.zc-buildout-jinja
#             ^^^ source.zc-buildout-jinja variable.other.single.zc-buildout punctuation.definition.string.begin.zc-buildout
#                ^^^^^^^^^^^^^^ source.zc-buildout-jinja variable.other.single.zc-buildout
#                              ^ source.zc-buildout-jinja variable.other.single.zc-buildout punctuation.definition.string.end.zc-buildout
#                               ^^^^^ source.zc-buildout-jinja
#                                    ^^^ source.zc-buildout-jinja variable.other.single.zc-buildout punctuation.definition.string.begin.zc-buildout
#                                       ^^^^^^^^^^^^^^ source.zc-buildout-jinja variable.other.single.zc-buildout
#                                                     ^ source.zc-buildout-jinja variable.other.single.zc-buildout punctuation.definition.string.end.zc-buildout
>option = text ${section:option} text ${section:option} text
#^^^^^^ source.zc-buildout-jinja keyword.other.definition.zc-buildout
#      ^ source.zc-buildout-jinja
#       ^ source.zc-buildout-jinja punctuation.separator.key-value.zc-buildout
#        ^^^^^ source.zc-buildout-jinja
#             ^^^ source.zc-buildout-jinja variable.other.single.zc-buildout punctuation.definition.string.begin.zc-buildout
#                ^^^^^^^^^^^^^^ source.zc-buildout-jinja variable.other.single.zc-buildout
#                              ^ source.zc-buildout-jinja variable.other.single.zc-buildout punctuation.definition.string.end.zc-buildout
#                               ^^^^^ source.zc-buildout-jinja
#                                    ^^^ source.zc-buildout-jinja variable.other.single.zc-buildout punctuation.definition.string.begin.zc-buildout
#                                       ^^^^^^^^^^^^^^ source.zc-buildout-jinja variable.other.single.zc-buildout
#                                                     ^ source.zc-buildout-jinja variable.other.single.zc-buildout punctuation.definition.string.end.zc-buildout
#                                                      ^^^^^^ source.zc-buildout-jinja
>option = ${section:option} text ${section:option} text
#^^^^^^ source.zc-buildout-jinja keyword.other.definition.zc-buildout
#      ^ source.zc-buildout-jinja
#       ^ source.zc-buildout-jinja punctuation.separator.key-value.zc-buildout
#        ^^^ source.zc-buildout-jinja variable.other.single.zc-buildout punctuation.definition.string.begin.zc-buildout
#           ^^^^^^^^^^^^^^ source.zc-buildout-jinja variable.other.single.zc-buildout
#                         ^ source.zc-buildout-jinja variable.other.single.zc-buildout punctuation.definition.string.end.zc-buildout
#                          ^^^^^ source.zc-buildout-jinja
#                               ^^^ source.zc-buildout-jinja variable.other.single.zc-buildout punctuation.definition.string.begin.zc-buildout
#                                  ^^^^^^^^^^^^^^ source.zc-buildout-jinja variable.other.single.zc-buildout
#                                                ^ source.zc-buildout-jinja variable.other.single.zc-buildout punctuation.definition.string.end.zc-buildout
#                                                 ^^^^^^ source.zc-buildout-jinja
>
>
>[conditional-section:condition]
#^ source.zc-buildout-jinja entity.name.type.section-name.zc-buildout punctuation.definition.entity.zc-buildout
# ^^^^^^^^^^^^^^^^^^^ source.zc-buildout-jinja entity.name.type.section-name.zc-buildout entity.name.type.section-name.zc-buildout
#                    ^^^^^^^^^^ source.zc-buildout-jinja entity.name.type.section-name.zc-buildout variable.parameter.section-condition.zc-buildout
#                              ^ source.zc-buildout-jinja entity.name.type.section-name.zc-buildout punctuation.definition.entity.zc-buildout
>
>